npm notice run app@0.1.0 dev
npm notice run next dev
▲ Next.js 16.3.4 (Turbopack)
- Local:         http://localhost:3000
- Network:       http://172.17.20.8:3000
- Environments: .env.local
✓ Ready in 1924ms
✓ Running next.config.ts took 99ms

 GET / 200 in 463ms (next.js: 326ms, application-code: 137ms)
 GET / 200 in 49ms (next.js: 6ms, application-code: 43ms)
 GET /api/auth/session 401 in 130ms (next.js: 108ms, application-code: 22ms)
 GET /api/auth/session 401 in 12ms (next.js: 4ms, application-code: 8ms)
 GET / 200 in 38ms (next.js: 8ms, application-code: 30ms)
 GET /api/auth/session 200 in 13ms (next.js: 4ms, application-code: 10ms)
 GET /api/auth/session 200 in 11ms (next.js: 3ms, application-code: 8ms)
 GET /api/vessels?terminal=ACT&t=1788630682801 200 in 67ms (next.js: 5ms, application-code: 62ms)
 GET /api/yard?terminal=ACT&t=1788630689330 200 in 194ms (next.js: 107ms, application-code: 87ms)
 GET /api/equipment?terminal=ACT&t=1788630695528 200 in 124ms (next.js: 57ms, application-code: 68ms)
 GET /api/berth?terminal=ACT&t=1788630701654 404 in 213ms (next.js: 179ms, application-code: 34ms)
 GET /api/gate?terminal=ACT&t=1788630707774 404 in 393ms (next.js: 347ms, application-code: 46ms)
 GET /api/yt-tracking?terminal=ACT&t=1788630713899 200 in 63ms (next.js: 42ms, application-code: 21ms)
 GET /api/yt-tracking?terminal=ACT&t=1788630713900 200 in 76ms (next.js: 54ms, application-code: 22ms)
 GET /api/terminal-layout?terminal=ACT 200 in 160ms (next.js: 122ms, application-code: 38ms)
 GET /api/yt-tracking?terminal=ACT&t=1788630718905 200 in 21ms (next.js: 2ms, application-code: 19ms)
 GET / 200 in 218ms (next.js: 118ms, application-code: 100ms)
 GET /api/auth/session 200 in 14ms (next.js: 5ms, application-code: 9ms)
 GET /api/auth/session 200 in 8ms (next.js: 2ms, application-code: 5ms)
 GET /api/vessels?terminal=ACT&t=1788631049389 200 in 20ms (next.js: 8ms, application-code: 12ms)
 GET /api/vessels?terminal=ACT&t=1788631049390 200 in 55ms (next.js: 19ms, application-code: 35ms)
 GET / 200 in 36ms (next.js: 6ms, application-code: 29ms)
 GET /api/auth/session 200 in 10ms (next.js: 3ms, application-code: 7ms)
 GET /api/auth/session 200 in 11ms (next.js: 4ms, application-code: 7ms)
 GET /api/vessels?terminal=ACT&t=1788631055877 200 in 44ms (next.js: 6ms, application-code: 38ms)
 GET /api/yard?terminal=ACT&t=1788631062317 200 in 84ms (next.js: 17ms, application-code: 67ms)
 GET /api/equipment?terminal=ACT&t=1788631068490 200 in 81ms (next.js: 6ms, application-code: 75ms)
 GET /api/berth?terminal=ACT&t=1788631074615 200 in 57ms (next.js: 36ms, application-code: 20ms)
 GET /api/gate?terminal=ACT&t=1788631080753 200 in 27ms (next.js: 13ms, application-code: 14ms)
 GET /api/gate?terminal=ACT&t=1788631080754 200 in 39ms (next.js: 21ms, application-code: 18ms)
 GET /api/yt-tracking?terminal=ACT&t=1788631086881 200 in 25ms (next.js: 6ms, application-code: 19ms)
 GET /api/yt-tracking?terminal=ACT&t=1788631086882 200 in 39ms (next.js: 17ms, application-code: 21ms)
 GET /api/yt-tracking?terminal=ACT&t=1788631091884 200 in 23ms (next.js: 4ms, application-code: 19ms)
 GET / 200 in 30ms (next.js: 3ms, application-code: 27ms)
 GET / 200 in 392ms (next.js: 205ms, application-code: 187ms)
 GET / 200 in 60ms (next.js: 7ms, application-code: 52ms)
 GET /api/auth/session 200 in 122ms (next.js: 101ms, application-code: 21ms)
 GET /api/auth/session 200 in 11ms (next.js: 4ms, application-code: 7ms)
 GET /api/vessels?terminal=ACT&t=1788634664957 200 in 95ms (next.js: 70ms, application-code: 24ms)
 GET /api/vessels?terminal=ACT&t=1788634664959 200 in 148ms (next.js: 86ms, application-code: 62ms)
 GET / 200 in 33ms (next.js: 3ms, application-code: 30ms)
 GET /api/auth/session 200 in 14ms (next.js: 3ms, application-code: 11ms)
 GET /api/auth/session 200 in 14ms (next.js: 4ms, application-code: 10ms)
 GET /api/vessels?terminal=ACT&t=1788634671468 200 in 68ms (next.js: 23ms, application-code: 46ms)
 GET /api/yard?terminal=ACT&t=1788634677933 200 in 78ms (next.js: 67ms, application-code: 11ms)
 GET /api/yard?terminal=ACT&t=1788634677934 200 in 200ms (next.js: 79ms, application-code: 122ms)
 GET /api/equipment?terminal=ACT&t=1788634684104 200 in 88ms (next.js: 81ms, application-code: 7ms)
 GET /api/equipment?terminal=ACT&t=1788634684105 200 in 149ms (next.js: 71ms, application-code: 78ms)
 GET /api/equipment?terminal=DCT&t=1788634690227 200 in 17ms (next.js: 4ms, application-code: 13ms)
 GET /api/equipment?terminal=DCT&t=1788634690228 200 in 56ms (next.js: 11ms, application-code: 44ms)
 GET /api/vessels?terminal=DCT&t=1788634693254 200 in 21ms (next.js: 5ms, application-code: 16ms)
 GET /api/vessels?terminal=DCT&t=1788634693255 200 in 32ms (next.js: 14ms, application-code: 18ms)
 GET /api/yt-tracking?terminal=DCT&t=1788634699349 200 in 162ms (next.js: 70ms, application-code: 92ms)
 GET /api/yt-tracking?terminal=DCT&t=1788634699350 200 in 174ms (next.js: 82ms, application-code: 92ms)
 GET /api/terminal-layout?terminal=DCT 200 in 213ms (next.js: 151ms, application-code: 62ms)
 GET /api/yt-tracking?terminal=DCT&t=1788634704356 200 in 24ms (next.js: 4ms, application-code: 20ms)
